foo:bar:qux
one:two:four:six:seven
alpha:beta:delta:zeta:eta:iota:kappa:lambda:mu
the quick brown fox jumps over the lazy dog
sally	sells	seashells	down	by	the	seashore	where	are	the	seashells	sally	sells
