Alle Menschen sind frei und gleich an 
Würde und Rechten geboren
