1	
12	
123	
1234	
12345	
123456	
1234567	
12345678
	
12345678
1	
12345678
	
2
12345678
	
2	
4
