3a5NHN8feyRbImU0v5RhjtUyAJYBu1h0F90iyoPb6YGMMt3uK1SeBj0x9UWhOR4u8NLpUac130qC8tpVleMMG
