MD5 (lorem_ipsum.txt) = cd724690f7dc61775dfac400a71f2caa
