SHA1 (lorem_ipsum.txt) = ab1dd0bae1d8883a3d18a66de6afbd28252cfbef
