SHA3-224 (lorem_ipsum.txt) = 00cf719da146d5f51f8969cb518aa2cb89dae71e0aad979b30398f13
SHA3-224 (alice_in_wonderland.txt) = 33882bd6f47b47648950b4d6c606240c257eeae73e67b96610fd092c
