[100000.000000] LOG_NOTICE LOG_AUTH
[101000.000000] LOG_NOTICE LOG_AUTHPRIV
[102000.000000] LOG_NOTICE LOG_CRON
[103000.000000] LOG_NOTICE LOG_DAEMON
[104000.000000] LOG_NOTICE LOG_FTP
[105000.000000] LOG_NOTICE LOG_KERN
[106000.000000] LOG_NOTICE LOG_LOCAL0
[107000.000000] LOG_NOTICE LOG_LOCAL1
[108000.000000] LOG_NOTICE LOG_LOCAL2
[109000.000000] LOG_NOTICE LOG_LOCAL3
[110000.000000] LOG_NOTICE LOG_LOCAL4
[111000.000000] LOG_NOTICE LOG_LOCAL5
[112000.000000] LOG_NOTICE LOG_LOCAL6
[113000.000000] LOG_NOTICE LOG_LOCAL7
[114000.000000] LOG_NOTICE LOG_LPR
[115000.000000] LOG_NOTICE LOG_MAIL
[116000.000000] LOG_NOTICE LOG_NEWS
[117000.000000] LOG_NOTICE LOG_SYSLOG
[118000.000000] LOG_NOTICE LOG_USER
[119000.000000] LOG_NOTICE LOG_UUCP
