[80000.000000] LOG_WARNING LOG_AUTH
[81000.000000] LOG_WARNING LOG_AUTHPRIV
[82000.000000] LOG_WARNING LOG_CRON
[83000.000000] LOG_WARNING LOG_DAEMON
[84000.000000] LOG_WARNING LOG_FTP
[85000.000000] LOG_WARNING LOG_KERN
[86000.000000] LOG_WARNING LOG_LOCAL0
[87000.000000] LOG_WARNING LOG_LOCAL1
[88000.000000] LOG_WARNING LOG_LOCAL2
[89000.000000] LOG_WARNING LOG_LOCAL3
[90000.000000] LOG_WARNING LOG_LOCAL4
[91000.000000] LOG_WARNING LOG_LOCAL5
[92000.000000] LOG_WARNING LOG_LOCAL6
[93000.000000] LOG_WARNING LOG_LOCAL7
[94000.000000] LOG_WARNING LOG_LPR
[95000.000000] LOG_WARNING LOG_MAIL
[96000.000000] LOG_WARNING LOG_NEWS
[97000.000000] LOG_WARNING LOG_SYSLOG
[98000.000000] LOG_WARNING LOG_USER
[99000.000000] LOG_WARNING LOG_UUCP
