N/A Ut enim ad minim veniam, quis
Jan Lorem ipsum dolor sit amet
mar laboris nisi ut aliquip ex ea
May sed do eiusmod tempor incididunt
JUN nostrud exercitation ullamco
Jul 2 these three lines
Jul 1 should remain 2,1,3
Jul 3 if --stable is provided
Oct ut labore et dolore magna aliqua
Dec consectetur adipiscing elit
