oo:bar:baz:qux:quux
ne:two:three:four:five:six:seven
lpha:beta:gamma:delta:epsilon:zeta:eta:theta:iota:kappa:lambda:mu
he quick brown fox jumps over the lazy dog
ally	sells	seashells	down	by	the	seashore	where	are	the	seashells	sally	sells
