

{last_modified_time} test_num_page.log Page 1


    1cntation processAirPortStateChanges]: pppConnectionState 0
    2cMon Dec 10 11:42:56.558 Info: <Wi-Fi Menu Extra[335]> -[AirPortExtraImplementation processAirPortStateChanges]: old state=4 bars, new state=4 bars
    3cMon Dec 10 11:42:56.705 Info: <Wi-Fi Menu Extra[335]> 802.1X changed
    4cMon Dec 10 11:42:56.706 Info: <Wi-Fi Menu Extra[335]> -[AirPortExtraImplementation processAirPortStateChanges]: pppConnectionState 0
    5cMon Dec 10 11:42:56.706 Info: <Wi-Fi Menu Extra[335]> -[AirPortExtraImplementation processAirPortStateChanges]: old state=4 bars, new state=4 bars
    6cMon Dec 10 11:42:56.854 Info: <Wi-Fi Menu Extra[335]> 802.1X changed
    7cMon Dec 10 11:42:56.855 Info: <Wi-Fi Menu Extra[335]> -[AirPortExtraImplementation processAirPortStateChanges]: pppConnectionState 0
    8cMon Dec 10 11:42:56.856 Info: <Wi-Fi Menu Extra[335]> -[AirPortExtraImplementation processAirPortStateChanges]: old state=4 bars, new state=4 bars
    9cMon Dec 10 11:42:57.002 Info: <Wi-Fi Menu Extra[335]> 802.1X changed
   10cMon Dec 10 11:42:57.003 Info: <Wi-Fi Menu Extra[335]> -[AirPortExtraImplementation processAirPortStateChanges]: pppConnectionState 0
   11cMon Dec 10 11:42:57.003 Info: <Wi-Fi Menu Extra[335]> -[AirPortExtraImplementation processAirPortStateChanges]: old state=4 bars, new state=4 bars
   12cMon Dec 10 11:42:57.152 Info: <Wi-Fi Menu Extra[335]> 802.1X changed
   13cMon Dec 10 11:42:57.154 Info: <Wi-Fi Menu Extra[335]> -[AirPortExtraImplementation processAirPortStateChanges]: pppConnectionState 0
   14cMon Dec 10 11:42:57.154 Info: <Wi-Fi Menu Extra[335]> -[AirPortExtraImplementation processAirPortStateChanges]: old state=4 bars, new state=4 bars
   15cMon Dec 10 11:42:57.302 Info: <Wi-Fi Menu Extra[335]> 802.1X changed
   16cMon Dec 10 11:42:57.304 Info: <Wi-Fi Menu Extra[335]> -[AirPortExtraImplementation processAirPortStateChanges]: pppConnectionState 0
   17cMon Dec 10 11:42:57.304 Info: <Wi-Fi Menu Extra[335]> -[AirPortExtraImplementation processAirPortStateChanges]: old state=4 bars, new state=4 bars
   18cMon Dec 10 11:42:57.449 Info: <Wi-Fi Menu Extra[335]> 802.1X changed
   19cMon Dec 10 11:42:57.451 Info: <Wi-Fi Menu Extra[335]> -[AirPortExtraImplementation processAirPortStateChanges]: pppConnectionState 0
   20cMon Dec 10 11:42:57.451 Info: <Wi-Fi Menu Extra[335]> -[AirPortExtraImplementation processAirPortStateChanges]: old state=4 bars, new state=4 bars
   21cMon Dec 10 11:42:57.600 Info: <Wi-Fi Menu Extra[335]> 802.1X changed
   22cMon Dec 10 11:42:57.601 Info: <Wi-Fi Menu Extra[335]> -[AirPortExtraImplementation processAirPortStateChanges]: pppConnectionState 0
   23cMon Dec 10 11:42:57.602 Info: <Wi-Fi Menu Extra[335]> -[AirPortExtraImplementation processAirPortStateChanges]: old state=4 bars, new state=4 bars
   24cMon Dec 10 11:42:57.624 Info: <Wi-Fi Menu Extra[335]> -[AirPortExtraImplementation processAirPortStateChanges]: pppConnectionState 0
   25cMon Dec 10 11:42:57.624 Info: <Wi-Fi Menu Extra[335]> -[AirPortExtraImplementation processAirPortStateChanges]: old state=4 bars, new state=4 bars
   26cMon Dec 10 11:42:57.749 Info: <Wi-Fi Menu Extra[335]> 802.1X changed
   27cMon Dec 10 11:42:57.750 Info: <Wi-Fi Menu Extra[335]> -[AirPortExtraImplementation processAirPortStateChanges]: pppConnectionState 0
   28cMon Dec 10 11:42:57.751 Info: <Wi-Fi Menu Extra[335]> -[AirPortExtraImplementation processAirPortStateChanges]: old state=4 bars, new state=4 bars
   29cMon Dec 10 11:42:57.896 Info: <Wi-Fi Menu Extra[335]> 802.1X changed
   30cMon Dec 10 11:42:57.897 Info: <Wi-Fi Menu Extra[335]> -[AirPortExtraImplementation processAirPortStateChanges]: pppConnectionState 0
   31cMon Dec 10 11:42:57.897 Info: <Wi-Fi Menu Extra[335]> -[AirPortExtraImplementation processAirPortStateChanges]: old state=4 bars, new state=4 bars
   32cMon Dec 10 11:42:58.045 Info: <Wi-Fi Menu Extra[335]> 802.1X changed
   33cMon Dec 10 11:42:58.047 Info: <Wi-Fi Menu Extra[335]> -[AirPortExtraImplementation processAirPortStateChanges]: pppConnectionState 0
   34cMon Dec 10 11:42:58.047 Info: <Wi-Fi Menu Extra[335]> -[AirPortExtraImplementation processAirPortStateChanges]: old state=4 bars, new state=4 bars
   35cMon Dec 10 11:42:58.193 Info: <Wi-Fi Menu Extra[335]> 802.1X changed
   36cMon Dec 10 11:42:58.195 Info: <Wi-Fi Menu Extra[335]> -[AirPortExtraImplementation processAirPortStateChanges]: pppConnectionState 0
   37cMon Dec 10 11:42:58.195 Info: <Wi-Fi Menu Extra[335]> -[AirPortExtraImplementation processAirPortStateChanges]: old state=4 bars, new state=4 bars
   38cMon Dec 10 11:42:58.342 Info: <Wi-Fi Menu Extra[335]> 802.1X changed
   39cMon Dec 10 11:42:58.343 Info: <Wi-Fi Menu Extra[335]> -[AirPortExtraImplementation processAirPortStateChanges]: pppConnectionState 0
   40cMon Dec 10 11:42:58.344 Info: <Wi-Fi Menu Extra[335]> -[AirPortExtraImplementation processAirPortStateChanges]: old state=4 bars, new state=4 bars
   41cMon Dec 10 11:42:58.491 Info: <Wi-Fi Menu Extra[335]> 802.1X changed
   42cMon Dec 10 11:42:58.493 Info: <Wi-Fi Menu Extra[335]> -[AirPortExtraImplementation processAirPortStateChanges]: pppConnectionState 0
   43cMon Dec 10 11:42:58.494 Info: <Wi-Fi Menu Extra[335]> -[AirPortExtraImplementation processAirPortStateChanges]: old state=4 bars, new state=4 bars
   44cMon Dec 10 11:42:58.640 Info: <Wi-Fi Menu Extra[335]> 802.1X changed
   45cMon Dec 10 11:42:58.642 Info: <Wi-Fi Menu Extra[335]> -[AirPortExtraImplementation processAirPortStateChanges]: pppConnectionState 0
   46cMon Dec 10 11:42:58.642 Info: <Wi-Fi Menu Extra[335]> -[AirPortExtraImplementation processAirPortStateChanges]: old state=4 bars, new state=4 bars
   47cMon Dec 10 11:42:58.805 Info: <Wi-Fi Menu Extra[335]> 802.1X changed
   48cMon Dec 10 11:42:58.806 Info: <Wi-Fi Menu Extra[335]> -[AirPortExtraImplementation processAirPortStateChanges]: pppConnectionState 0
   49cMon Dec 10 11:42:58.806 Info: <Wi-Fi Menu Extra[335]> -[AirPortExtraImplementation processAirPortStateChanges]: old state=4 bars, new state=4 bars
   50cMon Dec 10 11:42:58.958 Info: <Wi-Fi Menu Extra[335]> 802.1X changed
   51cMon Dec 10 11:42:58.959 Info: <Wi-Fi Menu Extra[335]> -[AirPortExtraImplementation processAirPortStateChanges]: pppConnectionState 0
   52cMon Dec 10 11:42:58.960 Info: <Wi-Fi Menu Extra[335]> -[AirPortExtraImplementation processAirPortStateChanges]: old state=4 bars, new state=4 bars
   53cMon Dec 10 11:42:59.155 Info: <Wi-Fi Menu Extra[335]> 802.1X changed
   54cMon Dec 10 11:42:59.157 Info: <Wi-Fi Menu Extra[335]> -[AirPortExtraImplementation processAirPortStateChanges]: pppConnectionState 0
   55cMon Dec 10 11:42:59.159 Info: <Wi-Fi Menu Extra[335]> -[AirPortExtraImplementation processAirPortStateChanges]: old state=4 bars, new state=4 bars
   56cMon Dec 10 11:42:59.352 Info: <Wi-Fi Menu Extra[335]> 802.1X changed







{last_modified_time} test_num_page.log Page 2


   57cntation processAirPortStateChanges]: pppConnectionState 0
   58cMon Dec 10 11:42:56.558 Info: <Wi-Fi Menu Extra[335]> -[AirPortExtraImplementation processAirPortStateChanges]: old state=4 bars, new state=4 bars
   59cMon Dec 10 11:42:56.705 Info: <Wi-Fi Menu Extra[335]> 802.1X changed
   60cMon Dec 10 11:42:56.706 Info: <Wi-Fi Menu Extra[335]> -[AirPortExtraImplementation processAirPortStateChanges]: pppConnectionState 0
   61cMon Dec 10 11:42:56.706 Info: <Wi-Fi Menu Extra[335]> -[AirPortExtraImplementation processAirPortStateChanges]: old state=4 bars, new state=4 bars
   62cMon Dec 10 11:42:56.854 Info: <Wi-Fi Menu Extra[335]> 802.1X changed
   63cMon Dec 10 11:42:56.855 Info: <Wi-Fi Menu Extra[335]> -[AirPortExtraImplementation processAirPortStateChanges]: pppConnectionState 0
   64cMon Dec 10 11:42:56.856 Info: <Wi-Fi Menu Extra[335]> -[AirPortExtraImplementation processAirPortStateChanges]: old state=4 bars, new state=4 bars
   65cMon Dec 10 11:42:57.002 Info: <Wi-Fi Menu Extra[335]> 802.1X changed
   66cMon Dec 10 11:42:57.003 Info: <Wi-Fi Menu Extra[335]> -[AirPortExtraImplementation processAirPortStateChanges]: pppConnectionState 0
   67cMon Dec 10 11:42:57.003 Info: <Wi-Fi Menu Extra[335]> -[AirPortExtraImplementation processAirPortStateChanges]: old state=4 bars, new state=4 bars
   68cMon Dec 10 11:42:57.152 Info: <Wi-Fi Menu Extra[335]> 802.1X changed
   69cMon Dec 10 11:42:57.154 Info: <Wi-Fi Menu Extra[335]> -[AirPortExtraImplementation processAirPortStateChanges]: pppConnectionState 0
   70cMon Dec 10 11:42:57.154 Info: <Wi-Fi Menu Extra[335]> -[AirPortExtraImplementation processAirPortStateChanges]: old state=4 bars, new state=4 bars
   71cMon Dec 10 11:42:57.302 Info: <Wi-Fi Menu Extra[335]> 802.1X changed
   72cMon Dec 10 11:42:57.304 Info: <Wi-Fi Menu Extra[335]> -[AirPortExtraImplementation processAirPortStateChanges]: pppConnectionState 0
   73cMon Dec 10 11:42:57.304 Info: <Wi-Fi Menu Extra[335]> -[AirPortExtraImplementation processAirPortStateChanges]: old state=4 bars, new state=4 bars
   74cMon Dec 10 11:42:57.449 Info: <Wi-Fi Menu Extra[335]> 802.1X changed
   75cMon Dec 10 11:42:57.451 Info: <Wi-Fi Menu Extra[335]> -[AirPortExtraImplementation processAirPortStateChanges]: pppConnectionState 0
   76cMon Dec 10 11:42:57.451 Info: <Wi-Fi Menu Extra[335]> -[AirPortExtraImplementation processAirPortStateChanges]: old state=4 bars, new state=4 bars
   77cMon Dec 10 11:42:57.600 Info: <Wi-Fi Menu Extra[335]> 802.1X changed
   78cMon Dec 10 11:42:57.601 Info: <Wi-Fi Menu Extra[335]> -[AirPortExtraImplementation processAirPortStateChanges]: pppConnectionState 0
   79cMon Dec 10 11:42:57.602 Info: <Wi-Fi Menu Extra[335]> -[AirPortExtraImplementation processAirPortStateChanges]: old state=4 bars, new state=4 bars
   80cMon Dec 10 11:42:57.624 Info: <Wi-Fi Menu Extra[335]> -[AirPortExtraImplementation processAirPortStateChanges]: pppConnectionState 0
   81cMon Dec 10 11:42:57.624 Info: <Wi-Fi Menu Extra[335]> -[AirPortExtraImplementation processAirPortStateChanges]: old state=4 bars, new state=4 bars
   82cMon Dec 10 11:42:57.749 Info: <Wi-Fi Menu Extra[335]> 802.1X changed
   83cMon Dec 10 11:42:57.750 Info: <Wi-Fi Menu Extra[335]> -[AirPortExtraImplementation processAirPortStateChanges]: pppConnectionState 0
   84cMon Dec 10 11:42:57.751 Info: <Wi-Fi Menu Extra[335]> -[AirPortExtraImplementation processAirPortStateChanges]: old state=4 bars, new state=4 bars
   85cMon Dec 10 11:42:57.896 Info: <Wi-Fi Menu Extra[335]> 802.1X changed
   86cMon Dec 10 11:42:57.897 Info: <Wi-Fi Menu Extra[335]> -[AirPortExtraImplementation processAirPortStateChanges]: pppConnectionState 0
   87cMon Dec 10 11:42:57.897 Info: <Wi-Fi Menu Extra[335]> -[AirPortExtraImplementation processAirPortStateChanges]: old state=4 bars, new state=4 bars
   88cMon Dec 10 11:42:58.045 Info: <Wi-Fi Menu Extra[335]> 802.1X changed
   89cMon Dec 10 11:42:58.047 Info: <Wi-Fi Menu Extra[335]> -[AirPortExtraImplementation processAirPortStateChanges]: pppConnectionState 0
   90cMon Dec 10 11:42:58.047 Info: <Wi-Fi Menu Extra[335]> -[AirPortExtraImplementation processAirPortStateChanges]: old state=4 bars, new state=4 bars
   91cMon Dec 10 11:42:58.193 Info: <Wi-Fi Menu Extra[335]> 802.1X changed
   92cMon Dec 10 11:42:58.195 Info: <Wi-Fi Menu Extra[335]> -[AirPortExtraImplementation processAirPortStateChanges]: pppConnectionState 0
   93cMon Dec 10 11:42:58.195 Info: <Wi-Fi Menu Extra[335]> -[AirPortExtraImplementation processAirPortStateChanges]: old state=4 bars, new state=4 bars
   94cMon Dec 10 11:42:58.342 Info: <Wi-Fi Menu Extra[335]> 802.1X changed
   95cMon Dec 10 11:42:58.343 Info: <Wi-Fi Menu Extra[335]> -[AirPortExtraImplementation processAirPortStateChanges]: pppConnectionState 0
   96cMon Dec 10 11:42:58.344 Info: <Wi-Fi Menu Extra[335]> -[AirPortExtraImplementation processAirPortStateChanges]: old state=4 bars, new state=4 bars
   97cMon Dec 10 11:42:58.491 Info: <Wi-Fi Menu Extra[335]> 802.1X changed
   98cMon Dec 10 11:42:58.493 Info: <Wi-Fi Menu Extra[335]> -[AirPortExtraImplementation processAirPortStateChanges]: pppConnectionState 0
   99cMon Dec 10 11:42:58.494 Info: <Wi-Fi Menu Extra[335]> -[AirPortExtraImplementation processAirPortStateChanges]: old state=4 bars, new state=4 bars
  100cMon Dec 10 11:42:58.640 Info: <Wi-Fi Menu Extra[335]> 802.1X changed
  101cMon Dec 10 11:42:58.642 Info: <Wi-Fi Menu Extra[335]> -[AirPortExtraImplementation processAirPortStateChanges]: pppConnectionState 0
  102cMon Dec 10 11:42:58.642 Info: <Wi-Fi Menu Extra[335]> -[AirPortExtraImplementation processAirPortStateChanges]: old state=4 bars, new state=4 bars
  103cMon Dec 10 11:42:58.805 Info: <Wi-Fi Menu Extra[335]> 802.1X changed
  104cMon Dec 10 11:42:58.806 Info: <Wi-Fi Menu Extra[335]> -[AirPortExtraImplementation processAirPortStateChanges]: pppConnectionState 0
  105cMon Dec 10 11:42:58.806 Info: <Wi-Fi Menu Extra[335]> -[AirPortExtraImplementation processAirPortStateChanges]: old state=4 bars, new state=4 bars
  106cMon Dec 10 11:42:58.958 Info: <Wi-Fi Menu Extra[335]> 802.1X changed
  107cMon Dec 10 11:42:58.959 Info: <Wi-Fi Menu Extra[335]> -[AirPortExtraImplementation processAirPortStateChanges]: pppConnectionState 0
  108cMon Dec 10 11:42:58.960 Info: <Wi-Fi Menu Extra[335]> -[AirPortExtraImplementation processAirPortStateChanges]: old state=4 bars, new state=4 bars
  109cMon Dec 10 11:42:59.155 Info: <Wi-Fi Menu Extra[335]> 802.1X changed
  110cMon Dec 10 11:42:59.157 Info: <Wi-Fi Menu Extra[335]> -[AirPortExtraImplementation processAirPortStateChanges]: pppConnectionState 0
  111cMon Dec 10 11:42:59.159 Info: <Wi-Fi Menu Extra[335]> -[AirPortExtraImplementation processAirPortStateChanges]: old state=4 bars, new state=4 bars
  112cMon Dec 10 11:42:59.352 Info: <Wi-Fi Menu Extra[335]> 802.1X changed





