

{last_modified_time} test_num_page.log Page 1


1cntation processAirPortStateChanges]: pppConnectionState 0
2cMon Dec 10 11:42:56.558 Info: <Wi-Fi Menu Extra[335]> -[AirPortExtraImplementation processAirPortStateChanges]: old state=4 bars, new state=4 bars
3cMon Dec 10 11:42:56.705 Info: <Wi-Fi Menu Extra[335]> 802.1X changed
4cMon Dec 10 11:42:56.706 Info: <Wi-Fi Menu Extra[335]> -[AirPortExtraImplementation processAirPortStateChanges]: pppConnectionState 0
5cMon Dec 10 11:42:56.706 Info: <Wi-Fi Menu Extra[335]> -[AirPortExtraImplementation processAirPortStateChanges]: old state=4 bars, new state=4 bars
6cMon Dec 10 11:42:56.854 Info: <Wi-Fi Menu Extra[335]> 802.1X changed
7cMon Dec 10 11:42:56.855 Info: <Wi-Fi Menu Extra[335]> -[AirPortExtraImplementation processAirPortStateChanges]: pppConnectionState 0
8cMon Dec 10 11:42:56.856 Info: <Wi-Fi Menu Extra[335]> -[AirPortExtraImplementation processAirPortStateChanges]: old state=4 bars, new state=4 bars
9cMon Dec 10 11:42:57.002 Info: <Wi-Fi Menu Extra[335]> 802.1X changed
0cMon Dec 10 11:42:57.003 Info: <Wi-Fi Menu Extra[335]> -[AirPortExtraImplementation processAirPortStateChanges]: pppConnectionState 0
1cMon Dec 10 11:42:57.003 Info: <Wi-Fi Menu Extra[335]> -[AirPortExtraImplementation processAirPortStateChanges]: old state=4 bars, new state=4 bars
2cMon Dec 10 11:42:57.152 Info: <Wi-Fi Menu Extra[335]> 802.1X changed
3cMon Dec 10 11:42:57.154 Info: <Wi-Fi Menu Extra[335]> -[AirPortExtraImplementation processAirPortStateChanges]: pppConnectionState 0
4cMon Dec 10 11:42:57.154 Info: <Wi-Fi Menu Extra[335]> -[AirPortExtraImplementation processAirPortStateChanges]: old state=4 bars, new state=4 bars
5cMon Dec 10 11:42:57.302 Info: <Wi-Fi Menu Extra[335]> 802.1X changed
6cMon Dec 10 11:42:57.304 Info: <Wi-Fi Menu Extra[335]> -[AirPortExtraImplementation processAirPortStateChanges]: pppConnectionState 0
7cMon Dec 10 11:42:57.304 Info: <Wi-Fi Menu Extra[335]> -[AirPortExtraImplementation processAirPortStateChanges]: old state=4 bars, new state=4 bars
8cMon Dec 10 11:42:57.449 Info: <Wi-Fi Menu Extra[335]> 802.1X changed
9cMon Dec 10 11:42:57.451 Info: <Wi-Fi Menu Extra[335]> -[AirPortExtraImplementation processAirPortStateChanges]: pppConnectionState 0
0cMon Dec 10 11:42:57.451 Info: <Wi-Fi Menu Extra[335]> -[AirPortExtraImplementation processAirPortStateChanges]: old state=4 bars, new state=4 bars
1cMon Dec 10 11:42:57.600 Info: <Wi-Fi Menu Extra[335]> 802.1X changed
2cMon Dec 10 11:42:57.601 Info: <Wi-Fi Menu Extra[335]> -[AirPortExtraImplementation processAirPortStateChanges]: pppConnectionState 0
3cMon Dec 10 11:42:57.602 Info: <Wi-Fi Menu Extra[335]> -[AirPortExtraImplementation processAirPortStateChanges]: old state=4 bars, new state=4 bars
4cMon Dec 10 11:42:57.624 Info: <Wi-Fi Menu Extra[335]> -[AirPortExtraImplementation processAirPortStateChanges]: pppConnectionState 0
5cMon Dec 10 11:42:57.624 Info: <Wi-Fi Menu Extra[335]> -[AirPortExtraImplementation processAirPortStateChanges]: old state=4 bars, new state=4 bars
6cMon Dec 10 11:42:57.749 Info: <Wi-Fi Menu Extra[335]> 802.1X changed
7cMon Dec 10 11:42:57.750 Info: <Wi-Fi Menu Extra[335]> -[AirPortExtraImplementation processAirPortStateChanges]: pppConnectionState 0
8cMon Dec 10 11:42:57.751 Info: <Wi-Fi Menu Extra[335]> -[AirPortExtraImplementation processAirPortStateChanges]: old state=4 bars, new state=4 bars
9cMon Dec 10 11:42:57.896 Info: <Wi-Fi Menu Extra[335]> 802.1X changed
0cMon Dec 10 11:42:57.897 Info: <Wi-Fi Menu Extra[335]> -[AirPortExtraImplementation processAirPortStateChanges]: pppConnectionState 0
1cMon Dec 10 11:42:57.897 Info: <Wi-Fi Menu Extra[335]> -[AirPortExtraImplementation processAirPortStateChanges]: old state=4 bars, new state=4 bars
2cMon Dec 10 11:42:58.045 Info: <Wi-Fi Menu Extra[335]> 802.1X changed
3cMon Dec 10 11:42:58.047 Info: <Wi-Fi Menu Extra[335]> -[AirPortExtraImplementation processAirPortStateChanges]: pppConnectionState 0
4cMon Dec 10 11:42:58.047 Info: <Wi-Fi Menu Extra[335]> -[AirPortExtraImplementation processAirPortStateChanges]: old state=4 bars, new state=4 bars
5cMon Dec 10 11:42:58.193 Info: <Wi-Fi Menu Extra[335]> 802.1X changed
6cMon Dec 10 11:42:58.195 Info: <Wi-Fi Menu Extra[335]> -[AirPortExtraImplementation processAirPortStateChanges]: pppConnectionState 0
7cMon Dec 10 11:42:58.195 Info: <Wi-Fi Menu Extra[335]> -[AirPortExtraImplementation processAirPortStateChanges]: old state=4 bars, new state=4 bars
8cMon Dec 10 11:42:58.342 Info: <Wi-Fi Menu Extra[335]> 802.1X changed
9cMon Dec 10 11:42:58.343 Info: <Wi-Fi Menu Extra[335]> -[AirPortExtraImplementation processAirPortStateChanges]: pppConnectionState 0
0cMon Dec 10 11:42:58.344 Info: <Wi-Fi Menu Extra[335]> -[AirPortExtraImplementation processAirPortStateChanges]: old state=4 bars, new state=4 bars
1cMon Dec 10 11:42:58.491 Info: <Wi-Fi Menu Extra[335]> 802.1X changed
2cMon Dec 10 11:42:58.493 Info: <Wi-Fi Menu Extra[335]> -[AirPortExtraImplementation processAirPortStateChanges]: pppConnectionState 0
3cMon Dec 10 11:42:58.494 Info: <Wi-Fi Menu Extra[335]> -[AirPortExtraImplementation processAirPortStateChanges]: old state=4 bars, new state=4 bars
4cMon Dec 10 11:42:58.640 Info: <Wi-Fi Menu Extra[335]> 802.1X changed
5cMon Dec 10 11:42:58.642 Info: <Wi-Fi Menu Extra[335]> -[AirPortExtraImplementation processAirPortStateChanges]: pppConnectionState 0
6cMon Dec 10 11:42:58.642 Info: <Wi-Fi Menu Extra[335]> -[AirPortExtraImplementation processAirPortStateChanges]: old state=4 bars, new state=4 bars
7cMon Dec 10 11:42:58.805 Info: <Wi-Fi Menu Extra[335]> 802.1X changed
8cMon Dec 10 11:42:58.806 Info: <Wi-Fi Menu Extra[335]> -[AirPortExtraImplementation processAirPortStateChanges]: pppConnectionState 0
9cMon Dec 10 11:42:58.806 Info: <Wi-Fi Menu Extra[335]> -[AirPortExtraImplementation processAirPortStateChanges]: old state=4 bars, new state=4 bars
0cMon Dec 10 11:42:58.958 Info: <Wi-Fi Menu Extra[335]> 802.1X changed
1cMon Dec 10 11:42:58.959 Info: <Wi-Fi Menu Extra[335]> -[AirPortExtraImplementation processAirPortStateChanges]: pppConnectionState 0
2cMon Dec 10 11:42:58.960 Info: <Wi-Fi Menu Extra[335]> -[AirPortExtraImplementation processAirPortStateChanges]: old state=4 bars, new state=4 bars
3cMon Dec 10 11:42:59.155 Info: <Wi-Fi Menu Extra[335]> 802.1X changed
4cMon Dec 10 11:42:59.157 Info: <Wi-Fi Menu Extra[335]> -[AirPortExtraImplementation processAirPortStateChanges]: pppConnectionState 0
5cMon Dec 10 11:42:59.159 Info: <Wi-Fi Menu Extra[335]> -[AirPortExtraImplementation processAirPortStateChanges]: old state=4 bars, new state=4 bars
6cMon Dec 10 11:42:59.352 Info: <Wi-Fi Menu Extra[335]> 802.1X changed







{last_modified_time} test_num_page.log Page 2


7cntation processAirPortStateChanges]: pppConnectionState 0
8cMon Dec 10 11:42:56.558 Info: <Wi-Fi Menu Extra[335]> -[AirPortExtraImplementation processAirPortStateChanges]: old state=4 bars, new state=4 bars
9cMon Dec 10 11:42:56.705 Info: <Wi-Fi Menu Extra[335]> 802.1X changed
0cMon Dec 10 11:42:56.706 Info: <Wi-Fi Menu Extra[335]> -[AirPortExtraImplementation processAirPortStateChanges]: pppConnectionState 0
1cMon Dec 10 11:42:56.706 Info: <Wi-Fi Menu Extra[335]> -[AirPortExtraImplementation processAirPortStateChanges]: old state=4 bars, new state=4 bars
2cMon Dec 10 11:42:56.854 Info: <Wi-Fi Menu Extra[335]> 802.1X changed
3cMon Dec 10 11:42:56.855 Info: <Wi-Fi Menu Extra[335]> -[AirPortExtraImplementation processAirPortStateChanges]: pppConnectionState 0
4cMon Dec 10 11:42:56.856 Info: <Wi-Fi Menu Extra[335]> -[AirPortExtraImplementation processAirPortStateChanges]: old state=4 bars, new state=4 bars
5cMon Dec 10 11:42:57.002 Info: <Wi-Fi Menu Extra[335]> 802.1X changed
6cMon Dec 10 11:42:57.003 Info: <Wi-Fi Menu Extra[335]> -[AirPortExtraImplementation processAirPortStateChanges]: pppConnectionState 0
7cMon Dec 10 11:42:57.003 Info: <Wi-Fi Menu Extra[335]> -[AirPortExtraImplementation processAirPortStateChanges]: old state=4 bars, new state=4 bars
8cMon Dec 10 11:42:57.152 Info: <Wi-Fi Menu Extra[335]> 802.1X changed
9cMon Dec 10 11:42:57.154 Info: <Wi-Fi Menu Extra[335]> -[AirPortExtraImplementation processAirPortStateChanges]: pppConnectionState 0
0cMon Dec 10 11:42:57.154 Info: <Wi-Fi Menu Extra[335]> -[AirPortExtraImplementation processAirPortStateChanges]: old state=4 bars, new state=4 bars
1cMon Dec 10 11:42:57.302 Info: <Wi-Fi Menu Extra[335]> 802.1X changed
2cMon Dec 10 11:42:57.304 Info: <Wi-Fi Menu Extra[335]> -[AirPortExtraImplementation processAirPortStateChanges]: pppConnectionState 0
3cMon Dec 10 11:42:57.304 Info: <Wi-Fi Menu Extra[335]> -[AirPortExtraImplementation processAirPortStateChanges]: old state=4 bars, new state=4 bars
4cMon Dec 10 11:42:57.449 Info: <Wi-Fi Menu Extra[335]> 802.1X changed
5cMon Dec 10 11:42:57.451 Info: <Wi-Fi Menu Extra[335]> -[AirPortExtraImplementation processAirPortStateChanges]: pppConnectionState 0
6cMon Dec 10 11:42:57.451 Info: <Wi-Fi Menu Extra[335]> -[AirPortExtraImplementation processAirPortStateChanges]: old state=4 bars, new state=4 bars
7cMon Dec 10 11:42:57.600 Info: <Wi-Fi Menu Extra[335]> 802.1X changed
8cMon Dec 10 11:42:57.601 Info: <Wi-Fi Menu Extra[335]> -[AirPortExtraImplementation processAirPortStateChanges]: pppConnectionState 0
9cMon Dec 10 11:42:57.602 Info: <Wi-Fi Menu Extra[335]> -[AirPortExtraImplementation processAirPortStateChanges]: old state=4 bars, new state=4 bars
0cMon Dec 10 11:42:57.624 Info: <Wi-Fi Menu Extra[335]> -[AirPortExtraImplementation processAirPortStateChanges]: pppConnectionState 0
1cMon Dec 10 11:42:57.624 Info: <Wi-Fi Menu Extra[335]> -[AirPortExtraImplementation processAirPortStateChanges]: old state=4 bars, new state=4 bars
2cMon Dec 10 11:42:57.749 Info: <Wi-Fi Menu Extra[335]> 802.1X changed
3cMon Dec 10 11:42:57.750 Info: <Wi-Fi Menu Extra[335]> -[AirPortExtraImplementation processAirPortStateChanges]: pppConnectionState 0
4cMon Dec 10 11:42:57.751 Info: <Wi-Fi Menu Extra[335]> -[AirPortExtraImplementation processAirPortStateChanges]: old state=4 bars, new state=4 bars
5cMon Dec 10 11:42:57.896 Info: <Wi-Fi Menu Extra[335]> 802.1X changed
6cMon Dec 10 11:42:57.897 Info: <Wi-Fi Menu Extra[335]> -[AirPortExtraImplementation processAirPortStateChanges]: pppConnectionState 0
7cMon Dec 10 11:42:57.897 Info: <Wi-Fi Menu Extra[335]> -[AirPortExtraImplementation processAirPortStateChanges]: old state=4 bars, new state=4 bars
8cMon Dec 10 11:42:58.045 Info: <Wi-Fi Menu Extra[335]> 802.1X changed
9cMon Dec 10 11:42:58.047 Info: <Wi-Fi Menu Extra[335]> -[AirPortExtraImplementation processAirPortStateChanges]: pppConnectionState 0
0cMon Dec 10 11:42:58.047 Info: <Wi-Fi Menu Extra[335]> -[AirPortExtraImplementation processAirPortStateChanges]: old state=4 bars, new state=4 bars
1cMon Dec 10 11:42:58.193 Info: <Wi-Fi Menu Extra[335]> 802.1X changed
2cMon Dec 10 11:42:58.195 Info: <Wi-Fi Menu Extra[335]> -[AirPortExtraImplementation processAirPortStateChanges]: pppConnectionState 0
3cMon Dec 10 11:42:58.195 Info: <Wi-Fi Menu Extra[335]> -[AirPortExtraImplementation processAirPortStateChanges]: old state=4 bars, new state=4 bars
4cMon Dec 10 11:42:58.342 Info: <Wi-Fi Menu Extra[335]> 802.1X changed
5cMon Dec 10 11:42:58.343 Info: <Wi-Fi Menu Extra[335]> -[AirPortExtraImplementation processAirPortStateChanges]: pppConnectionState 0
6cMon Dec 10 11:42:58.344 Info: <Wi-Fi Menu Extra[335]> -[AirPortExtraImplementation processAirPortStateChanges]: old state=4 bars, new state=4 bars
7cMon Dec 10 11:42:58.491 Info: <Wi-Fi Menu Extra[335]> 802.1X changed
8cMon Dec 10 11:42:58.493 Info: <Wi-Fi Menu Extra[335]> -[AirPortExtraImplementation processAirPortStateChanges]: pppConnectionState 0
9cMon Dec 10 11:42:58.494 Info: <Wi-Fi Menu Extra[335]> -[AirPortExtraImplementation processAirPortStateChanges]: old state=4 bars, new state=4 bars
0cMon Dec 10 11:42:58.640 Info: <Wi-Fi Menu Extra[335]> 802.1X changed
1cMon Dec 10 11:42:58.642 Info: <Wi-Fi Menu Extra[335]> -[AirPortExtraImplementation processAirPortStateChanges]: pppConnectionState 0
2cMon Dec 10 11:42:58.642 Info: <Wi-Fi Menu Extra[335]> -[AirPortExtraImplementation processAirPortStateChanges]: old state=4 bars, new state=4 bars
3cMon Dec 10 11:42:58.805 Info: <Wi-Fi Menu Extra[335]> 802.1X changed
4cMon Dec 10 11:42:58.806 Info: <Wi-Fi Menu Extra[335]> -[AirPortExtraImplementation processAirPortStateChanges]: pppConnectionState 0
5cMon Dec 10 11:42:58.806 Info: <Wi-Fi Menu Extra[335]> -[AirPortExtraImplementation processAirPortStateChanges]: old state=4 bars, new state=4 bars
6cMon Dec 10 11:42:58.958 Info: <Wi-Fi Menu Extra[335]> 802.1X changed
7cMon Dec 10 11:42:58.959 Info: <Wi-Fi Menu Extra[335]> -[AirPortExtraImplementation processAirPortStateChanges]: pppConnectionState 0
8cMon Dec 10 11:42:58.960 Info: <Wi-Fi Menu Extra[335]> -[AirPortExtraImplementation processAirPortStateChanges]: old state=4 bars, new state=4 bars
9cMon Dec 10 11:42:59.155 Info: <Wi-Fi Menu Extra[335]> 802.1X changed
0cMon Dec 10 11:42:59.157 Info: <Wi-Fi Menu Extra[335]> -[AirPortExtraImplementation processAirPortStateChanges]: pppConnectionState 0
1cMon Dec 10 11:42:59.159 Info: <Wi-Fi Menu Extra[335]> -[AirPortExtraImplementation processAirPortStateChanges]: old state=4 bars, new state=4 bars
2cMon Dec 10 11:42:59.352 Info: <Wi-Fi Menu Extra[335]> 802.1X changed





