a1a55887535397bf461902491c8779188a5dd1f8c3951b3d9cf6ecba194e87b0