ac10c6d06f343e26875366263d486a1e9f71115b9b80f0565902f79e947dca51