Lorem ipsum dolor sit amet,
consectetur adipiscing elit.
Nunc interdum suscipit sem vel ornare.
Proin euismod,
justo sed mollis dictum,
eros urna ultricies augue,
eu pharetra mi ex id ante.
Duis convallis porttitor aliquam.
Nunc vitae tincidunt ex.
