 1 2 c 1 cd
 1 3 d 2 de
 1 5 e 3 ef
 1 7 f 4 fg
 1 11 g 5 gh
 2 2 c 1 cd
 2 3 d 2 de
 2 5 e 3 ef
 2 7 f 4 fg
 2 11 g 5 gh
 3 2 c 1 cd
 3 3 d 2 de
 3 5 e 3 ef
 3 7 f 4 fg
 3 11 g 5 gh
 5 2 c 1 cd
 5 3 d 2 de
 5 5 e 3 ef
 5 7 f 4 fg
 5 11 g 5 gh
 8 2 c 1 cd
 8 3 d 2 de
 8 5 e 3 ef
 8 7 f 4 fg
 8 11 g 5 gh
