1 a
2 a f b
3 b g c
4 c h d
5 f i e
6 g j f
7 h k g
8 h
9 i
99 i l
