   f 2 a
   g 3 b
   h 4 c
   i 5 f
   j 6 g
   k 7 h
   l 99 i
