BLAKE2b (lorem_ipsum.txt) = DpegkYnlYMN4nAv/HwIBZoYe+FfR+/5FdN4YQuPAbKu5V15K9jCaFmFYwrQI08A4wbSdgos1FYFCzcA5bRGVww==
