MD5 (lorem_ipsum.txt) = zXJGkPfcYXdd+sQApx8sqg==
MD5 (alice_in_wonderland.txt) = 9vpwM+FhZqlYmqHAOI/9WA==
