SHA256 (lorem_ipsum.txt) = 98QgUBxQ4AswklAQDWfqXpEJgVNrRYL+nENb2Ss/HwI=
