SHA512 (lorem_ipsum.txt) = llRkqyVWqtWOvHPYmtIh5Vl5dSnsr8D0ZsEXlc/21uLGD5agfFQs/R9Cbl5P4KSKoVZnukQJayE9CBPNA436BQ==
