0e97a09189e560c3789c0bff1f020166861ef857d1fbfe4574de1842e3c06cabb9575e4af6309a166158c2b408d3c038c1b49d828b35158142cdc0396d1195c3  lorem_ipsum.txt
