1136995542 772 lorem_ipsum.txt
2801993020 302 alice_in_wonderland.txt
