ab1dd0bae1d8883a3d18a66de6afbd28252cfbef  lorem_ipsum.txt
22b54b2520e8b4fa59eb10719028a4e587c12d1e  alice_in_wonderland.txt
