f7c420501c50e00b309250100d67ea5e910981536b4582fe9c435bd92b3f1f02  lorem_ipsum.txt
14ab7e5a0aa3a670222744714bc96961d51012cb216225d965db71824a46e5fe  alice_in_wonderland.txt
