f7c420501c50e00b309250100d67ea5e910981536b4582fe9c435bd92b3f1f02  -
