4be4b90a0d0d32966992921019f24abc824dcfb8b1c408102f1f6788fb80ba9a9a4c5a7b575a3353a90a8ee719481dcb  lorem_ipsum.txt
b7966c97ef84ab5858db2e0cdd33fbaf4fa8346d84de65aba001e738c242598a43272854d0073ad1099404eaa1d93766  alice_in_wonderland.txt
