77f7bb7e1827d7735dd1fd8bc4f4fa3ae1168a1529118c74b18f9abe69a8aecfb60fff0ecec17d2860af90e257e4fbd90048978c47fdda94f56b2ffa1d06448f  -
