00cf719da146d5f51f8969cb518aa2cb89dae71e0aad979b30398f13  -
