77f7bb7e1827d7735dd1fd8bc4f4fa3ae1168a1529118c74b18f9abe69a8aecfb60fff0ecec17d2860af90e257e4fbd90048978c47fdda94f56b2ffa1d06448f  lorem_ipsum.txt
029486dea9b2bc8a2c90d852982c3a5297e626ed31a956443c6cc4794874bf4fdca76006bacc407bc101c09f85ecb3cea468c17bdfe3ad0ccff03edd786e07a8  alice_in_wonderland.txt
