6d296b805d060bfed22808df308dbb9b4317794dd4ed6740a10770a782699bc2  lorem_ipsum.txt
d66617ae3c4e87828298dcd836f79efbab488c53b84e09c3e8e83a16c902418d  alice_in_wonderland.txt
